mifs_data/001_A_1.jpg 001_A_1 attack
mifs_data/001_A_2.jpg 001_A_2 attack
mifs_data/004_A_1.jpg 004_A_1 attack
mifs_data/004_A_2.jpg 004_A_2 attack
mifs_data/007_A_1.jpg 007_A_1 attack
mifs_data/007_A_2.jpg 007_A_2 attack
mifs_data/010_A_1.jpg 010_A_1 attack
mifs_data/010_A_2.jpg 010_A_2 attack
mifs_data/013_A_1.jpg 013_A_1 attack
mifs_data/013_A_2.jpg 013_A_2 attack
mifs_data/016_A_1.jpg 016_A_1 attack
mifs_data/016_A_2.jpg 016_A_2 attack
mifs_data/019_A_1.jpg 019_A_1 attack
mifs_data/019_A_2.jpg 019_A_2 attack
mifs_data/022_A_1.jpg 022_A_1 attack
mifs_data/022_A_2.jpg 022_A_2 attack
mifs_data/025_A_1.jpg 025_A_1 attack
mifs_data/025_A_2.jpg 025_A_2 attack
mifs_data/028_A_1.jpg 028_A_1 attack
mifs_data/028_A_2.jpg 028_A_2 attack
mifs_data/031_A_1.jpg 031_A_1 attack
mifs_data/031_A_2.jpg 031_A_2 attack
mifs_data/034_A_1.jpg 034_A_1 attack
mifs_data/034_A_2.jpg 034_A_2 attack
mifs_data/038_A_1.jpg 038_A_1 attack
mifs_data/038_A_2.jpg 038_A_2 attack
mifs_data/041_A_1.jpg 041_A_1 attack
mifs_data/041_A_2.jpg 041_A_2 attack
mifs_data/045_A_1.jpg 045_A_1 attack
mifs_data/045_A_2.jpg 045_A_2 attack
mifs_data/048_A_1.jpg 048_A_1 attack
mifs_data/048_A_2.jpg 048_A_2 attack
mifs_data/051_A_1.jpg 051_A_1 attack
mifs_data/051_A_2.jpg 051_A_2 attack
mifs_data/054_A_1.jpg 054_A_1 attack
mifs_data/054_A_2.jpg 054_A_2 attack
mifs_data/059_A_1.jpg 059_A_1 attack
mifs_data/059_A_2.jpg 059_A_2 attack
mifs_data/063_A_1.jpg 063_A_1 attack
mifs_data/063_A_2.jpg 063_A_2 attack
mifs_data/066_A_1.jpg 066_A_1 attack
mifs_data/066_A_2.jpg 066_A_2 attack
mifs_data/069_A_1.jpg 069_A_1 attack
mifs_data/069_A_2.jpg 069_A_2 attack
mifs_data/072_A_1.jpg 072_A_1 attack
mifs_data/072_A_2.jpg 072_A_2 attack
mifs_data/078_A_1.jpg 078_A_1 attack
mifs_data/078_A_2.jpg 078_A_2 attack
mifs_data/082_A_1.jpg 082_A_1 attack
mifs_data/082_A_2.jpg 082_A_2 attack
mifs_data/085_A_1.jpg 085_A_1 attack
mifs_data/085_A_2.jpg 085_A_2 attack
mifs_data/090_A_1.jpg 090_A_1 attack
mifs_data/090_A_2.jpg 090_A_2 attack
mifs_data/093_A_1.jpg 093_A_1 attack
mifs_data/093_A_2.jpg 093_A_2 attack
mifs_data/096_A_1.jpg 096_A_1 attack
mifs_data/096_A_2.jpg 096_A_2 attack
mifs_data/099_A_1.jpg 099_A_1 attack
mifs_data/099_A_2.jpg 099_A_2 attack
mifs_data/102_A_1.jpg 102_A_1 attack
mifs_data/102_A_2.jpg 102_A_2 attack
mifs_data/105_A_1.jpg 105_A_1 attack
mifs_data/105_A_2.jpg 105_A_2 attack
mifs_data/108_A_1.jpg 108_A_1 attack
mifs_data/108_A_2.jpg 108_A_2 attack
mifs_data/113_A_1.jpg 113_A_1 attack
mifs_data/113_A_2.jpg 113_A_2 attack
mifs_data/116_A_1.jpg 116_A_1 attack
mifs_data/116_A_2.jpg 116_A_2 attack
